// Jest Snapshot v1, https://goo.gl/fbAQLP

exports[`checksPage tests should match snapshot 1`] = `
<div>
  <div
    class="viewContainer"
  >
    <div>
      <div
        class="checkRow"
      >
        <h1
          class="checkDescription"
        >
          Veriff supports presented document
        </h1>
        <div
          class="buttonContainer"
        >
          <button
            class="button toggleButton"
          >
            yes
          </button>
          <button
            class="button toggleButton"
          >
            no
          </button>
        </div>
      </div>
      <div
        class="submitButtonContainer"
      >
        <button
          class="button disabled submitButton"
          disabled=""
        >
          SUBMIT
        </button>
      </div>
    </div>
  </div>
</div>
`;
